// Jest Snapshot v1, https://goo.gl/fbAQLP

exports[`Display renders correctly 1`] = `
Array [
  <nav
    className="nav-container"
  >
    <div
      className="nav-title"
    >
      Math Magicians
    </div>
    <div
      className="nav-links"
    >
      <div>
        <a
          href="/"
          onClick={[Function]}
        >
          Home
        </a>
      </div>
      <div>
        <a
          href="/app"
          onClick={[Function]}
        >
          Calculator
        </a>
      </div>
      <div>
        <a
          href="/quote"
          onClick={[Function]}
        >
          Quote
        </a>
      </div>
    </div>
  </nav>,
  <div
    className="app"
  >
    <div
      id="display"
    >
      <p
        id="result"
      >
        
      </p>
    </div>
    <div
      id="button-panel"
    >
      <div
        className="row"
      >
        <button
          className=""
          onClick={[Function]}
          type="button"
        >
          AC
        </button>
        <button
          className=""
          onClick={[Function]}
          type="button"
        >
          +/-
        </button>
        <button
          className=""
          onClick={[Function]}
          type="button"
        >
          %
        </button>
        <button
          className="orange"
          onClick={[Function]}
          type="button"
        >
          รท
        </button>
      </div>
      <div
        className="row"
      >
        <button
          className=""
          onClick={[Function]}
          type="button"
        >
          7
        </button>
        <button
          className=""
          onClick={[Function]}
          type="button"
        >
          8
        </button>
        <button
          className=""
          onClick={[Function]}
          type="button"
        >
          9
        </button>
        <button
          className="orange"
          onClick={[Function]}
          type="button"
        >
          x
        </button>
      </div>
      <div
        className="row"
      >
        <button
          className=""
          onClick={[Function]}
          type="button"
        >
          4
        </button>
        <button
          className=""
          onClick={[Function]}
          type="button"
        >
          5
        </button>
        <button
          className=""
          onClick={[Function]}
          type="button"
        >
          6
        </button>
        <button
          className="orange"
          onClick={[Function]}
          type="button"
        >
          -
        </button>
      </div>
      <div
        className="row"
      >
        <button
          className=""
          onClick={[Function]}
          type="button"
        >
          1
        </button>
        <button
          className=""
          onClick={[Function]}
          type="button"
        >
          2
        </button>
        <button
          className=""
          onClick={[Function]}
          type="button"
        >
          3
        </button>
        <button
          className="orange"
          onClick={[Function]}
          type="button"
        >
          +
        </button>
      </div>
      <div
        className="row"
      >
        <button
          className=" wide"
          onClick={[Function]}
          type="button"
        >
          0
        </button>
        <button
          className=""
          onClick={[Function]}
          type="button"
        >
          .
        </button>
        <button
          className="orange"
          onClick={[Function]}
          type="button"
        >
          =
        </button>
      </div>
    </div>
  </div>,
]
`;
