// Jest Snapshot v1, https://goo.gl/fbAQLP

exports[`Button renders correctly 1`] = `
<button
  className="orange wide"
  onClick={[Function]}
  type="button"
>
  0
</button>
`;
