// Jest Snapshot v1, https://goo.gl/fbAQLP

exports[`Display renders correctly 1`] = `
<main>
  <nav
    className="nav-container"
  >
    <div
      className="nav-title"
    >
      Math Magicians
    </div>
    <div
      className="nav-links"
    >
      <div>
        <a
          href="/"
          onClick={[Function]}
        >
          Home
        </a>
      </div>
      <div>
        <a
          href="/app"
          onClick={[Function]}
        >
          Calculator
        </a>
      </div>
      <div>
        <a
          href="/quote"
          onClick={[Function]}
        >
          Quote
        </a>
      </div>
    </div>
  </nav>
  <div
    className="outer-container"
  >
    <div
      className="home"
    >
      <h2>
        Welcome to Math-magicians!!!
      </h2>
      <p>
        You can use this Application to make calculations or to have the quote of the day
      </p>
    </div>
  </div>
</main>
`;
